../Core/Src/main.c:72:7:HAL_CAN_RxFifo0MsgPendingCallback	16	static
../Core/Src/main.c:80:7:HAL_CAN_RxFifo1MsgPendingCallback	16	static
../Core/Src/main.c:92:5:main	8	static
../Core/Src/main.c:154:6:SystemClock_Config	88	static
../Core/Src/main.c:199:13:MX_CAN_Init	48	static
../Core/Src/main.c:256:13:MX_TIM2_Init	64	static
../Core/Src/main.c:315:13:MX_GPIO_Init	32	static
../Core/Src/main.c:359:6:PWM_START	8	static
../Core/Src/main.c:369:6:stepper_resolution	8	static
../Core/Src/main.c:382:6:one_step	16	static
../Core/Src/main.c:395:6:motor_speed	16	static
../Core/Src/main.c:409:6:Error_Handler	4	static,ignoring_inline_asm
